MPLINK 5.08, LINKER
Linker Map File - Created Fri Aug 20 19:55:03 2021

                                 Section Info
                  Section       Type    Address   Location Size(Bytes)
                ---------  ---------  ---------  ---------  ---------
                   .org_0       code   0x000000    program   0x000002
                   .cinit    romdata   0x000001    program   0x000004
                   .org_1       code   0x000005    program   0x0000ac
.config_2007_BUILD/DEFAULT/PRODUCTION/GAS_ANA       code   0x002007    program   0x000002



                              Program Memory Usage 
                               Start         End      
                           ---------   ---------      
                            0x000000    0x000002      
                            0x000005    0x00005a      
                            0x002007    0x002007      
            90 out of 8454 program addresses used, program memory utilization is 1%



                              Symbols - Sorted by Name
                     Name    Address   Location    Storage File                     
                ---------  ---------  ---------  --------- ---------                
                Datawrite   0x00004b    program     static C:\Users\Dishanran Suchinda\Desktop\gas_analyizer.X\gas_analizer.asm
                    Delay   0x000054    program     static C:\Users\Dishanran Suchinda\Desktop\gas_analyizer.X\gas_analizer.asm
                Delayloop   0x000056    program     static C:\Users\Dishanran Suchinda\Desktop\gas_analyizer.X\gas_analizer.asm
              Gasdetected   0x00001c    program     static C:\Users\Dishanran Suchinda\Desktop\gas_analyizer.X\gas_analizer.asm
                Instwrite   0x000042    program     static C:\Users\Dishanran Suchinda\Desktop\gas_analyizer.X\gas_analizer.asm
            LCDinitailize   0x00000d    program     static C:\Users\Dishanran Suchinda\Desktop\gas_analyizer.X\gas_analizer.asm
                     Main   0x000005    program     static C:\Users\Dishanran Suchinda\Desktop\gas_analyizer.X\gas_analizer.asm
                    Nogas   0x000035    program     static C:\Users\Dishanran Suchinda\Desktop\gas_analyizer.X\gas_analizer.asm
                    Start   0x000009    program     static C:\Users\Dishanran Suchinda\Desktop\gas_analyizer.X\gas_analizer.asm



                              Symbols - Sorted by Address
                     Name    Address   Location    Storage File                     
                ---------  ---------  ---------  --------- ---------                
                     Main   0x000005    program     static C:\Users\Dishanran Suchinda\Desktop\gas_analyizer.X\gas_analizer.asm
                    Start   0x000009    program     static C:\Users\Dishanran Suchinda\Desktop\gas_analyizer.X\gas_analizer.asm
            LCDinitailize   0x00000d    program     static C:\Users\Dishanran Suchinda\Desktop\gas_analyizer.X\gas_analizer.asm
              Gasdetected   0x00001c    program     static C:\Users\Dishanran Suchinda\Desktop\gas_analyizer.X\gas_analizer.asm
                    Nogas   0x000035    program     static C:\Users\Dishanran Suchinda\Desktop\gas_analyizer.X\gas_analizer.asm
                Instwrite   0x000042    program     static C:\Users\Dishanran Suchinda\Desktop\gas_analyizer.X\gas_analizer.asm
                Datawrite   0x00004b    program     static C:\Users\Dishanran Suchinda\Desktop\gas_analyizer.X\gas_analizer.asm
                    Delay   0x000054    program     static C:\Users\Dishanran Suchinda\Desktop\gas_analyizer.X\gas_analizer.asm
                Delayloop   0x000056    program     static C:\Users\Dishanran Suchinda\Desktop\gas_analyizer.X\gas_analizer.asm


